../Core/Src/ssd1306.c:247:6:ssd1306_DrawHorizontalLine.part.0	16	static
../Core/Src/ssd1306.c:293:6:ssd1306_DrawVerticalLine.part.0	16	static
../Core/Src/ssd1306.c:37:10:ssd1306_GetWidth	0	static
../Core/Src/ssd1306.c:42:10:ssd1306_GetHeight	0	static
../Core/Src/ssd1306.c:47:15:ssd1306_GetColor	0	static
../Core/Src/ssd1306.c:52:6:ssd1306_SetColor	0	static
../Core/Src/ssd1306.c:58:9:ssd1306_Init	56	static
../Core/Src/ssd1306.c:137:6:ssd1306_Fill	0	static
../Core/Src/ssd1306.c:151:6:ssd1306_UpdateScreen	56	static
../Core/Src/ssd1306.c:170:6:ssd1306_DrawPixel	4	static
../Core/Src/ssd1306.c:197:6:ssd1306_DrawLine	56	static
../Core/Src/ssd1306.c:247:6:ssd1306_DrawHorizontalLine	16	static
../Core/Src/ssd1306.c:293:6:ssd1306_DrawVerticalLine	16	static
../Core/Src/ssd1306.c:376:6:ssd1306_DrawRect	32	static
../Core/Src/ssd1306.c:384:6:ssd1306_FillRect	72	static
../Core/Src/ssd1306.c:392:6:ssd1306_DrawTriangle	88	static
../Core/Src/ssd1306.c:400:6:ssd1306_DrawFillTriangle	104	static
../Core/Src/ssd1306.c:468:6:ssd1306_DrawCircle	64	static
../Core/Src/ssd1306.c:496:6:ssd1306_FillCircle	64	static
../Core/Src/ssd1306.c:521:6:ssd1306_DrawCircleQuads	80	static
../Core/Src/ssd1306.c:570:6:ssd1306_DrawProgressBar	80	static
../Core/Src/ssd1306.c:599:6:ssd1306_DrawBitmap	160	static
../Core/Src/ssd1306.c:640:6:ssd1306_WriteChar	72	static
../Core/Src/ssd1306.c:681:6:ssd1306_WriteString	24	static
../Core/Src/ssd1306.c:703:6:ssd1306_SetCursor	0	static
../Core/Src/ssd1306.c:709:6:ssd1306_DisplayOn	24	static
../Core/Src/ssd1306.c:714:6:ssd1306_DisplayOff	24	static
../Core/Src/ssd1306.c:719:6:ssd1306_InvertDisplay	24	static
../Core/Src/ssd1306.c:724:6:ssd1306_NormalDisplay	24	static
../Core/Src/ssd1306.c:729:6:ssd1306_ResetOrientation	32	static
../Core/Src/ssd1306.c:735:6:ssd1306_FlipScreenVertically	32	static
../Core/Src/ssd1306.c:741:6:ssd1306_MirrorScreen	32	static
../Core/Src/ssd1306.c:747:6:ssd1306_Clear	0	static
../Core/Src/ssd1306.c:776:6:HAL_I2C_MemTxCpltCallback	0	static
